{
  "filters_used": [
    {
      "path": "detect_secrets.filters.allowlist.is_line_allowlisted"
    },
    {
      "path": "detect_secrets.filters.heuristic.is_indirect_reference"
    },
    {
      "path": "detect_secrets.filters.heuristic.is_likely_id_string"
    },
    {
      "path": "detect_secrets.filters.heuristic.is_lock_file"
    },
    {
      "path": "detect_secrets.filters.heuristic.is_not_alphanumeric_string"
    },
    {
      "path": "detect_secrets.filters.heuristic.is_potential_uuid"
    },
    {
      "path": "detect_secrets.filters.heuristic.is_prefixed_with_dollar_sign"
    },
    {
      "path": "detect_secrets.filters.heuristic.is_sequential_string"
    },
    {
      "path": "detect_secrets.filters.heuristic.is_swagger_file"
    },
    {
      "path": "detect_secrets.filters.heuristic.is_templated_secret"
    }
  ],
  "generated_at": "2026-09-26T04:02:22Z",
  "plugins_used": [
    {
      "name": "ArtifactoryDetector"
    },
    {
      "name": "AWSKeyDetector"
    },
    {
      "name": "AzureStorageKeyDetector"
    },
    {
      "limit": 4.5,
      "name": "Base64HighEntropyString"
    },
    {
      "name": "BasicAuthDetector"
    },
    {
      "name": "CloudantDetector"
    },
    {
      "name": "DiscordBotTokenDetector"
    },
    {
      "name": "GitHubTokenDetector"
    },
    {
      "name": "GitLabTokenDetector"
    },
    {
      "limit": 3.0,
      "name": "HexHighEntropyString"
    },
    {
      "name": "IbmCloudIamDetector"
    },
    {
      "name": "IbmCosHmacDetector"
    },
    {
      "name": "IPPublicDetector"
    },
    {
      "name": "JwtTokenDetector"
    },
    {
      "keyword_exclude": "",
      "name": "KeywordDetector"
    },
    {
      "name": "MailchimpDetector"
    },
    {
      "name": "NpmDetector"
    },
    {
      "name": "OpenAIDetector"
    },
    {
      "name": "PrivateKeyDetector"
    },
    {
      "name": "PypiTokenDetector"
    },
    {
      "name": "SendGridDetector"
    },
    {
      "name": "SlackDetector"
    },
    {
      "name": "SoftlayerDetector"
    },
    {
      "name": "SquareOAuthDetector"
    },
    {
      "name": "StripeDetector"
    },
    {
      "name": "TelegramBotTokenDetector"
    },
    {
      "name": "TwilioKeyDetector"
    }
  ],
  "results": {
    ".github/repo-baseline.json": [
      {
        "filename": ".github/repo-baseline.json",
        "hashed_secret": "52b757e639cbff8bdbc02f16a3ce4be85ce2cefe",
        "is_verified": false,
        "line_number": 31,
        "type": "Hex High Entropy String"
      },
      {
        "filename": ".github/repo-baseline.json",
        "hashed_secret": "63f9a725548b1fb8f8cf7347a9a139004122fe15",
        "is_verified": false,
        "line_number": 32,
        "type": "Hex High Entropy String"
      },
      {
        "filename": ".github/repo-baseline.json",
        "hashed_secret": "7aa8b57db4c747474cf253eede2849ec9302cdb3",
        "is_verified": false,
        "line_number": 33,
        "type": "Hex High Entropy String"
      },
      {
        "filename": ".github/repo-baseline.json",
        "hashed_secret": "9ae40f1e7549840ecfcafa25f1668267166f2b12",
        "is_verified": false,
        "line_number": 35,
        "type": "Hex High Entropy String"
      },
      {
        "filename": ".github/repo-baseline.json",
        "hashed_secret": "1f082f14064b7517f04c8967cfc05197c6072bb3",
        "is_verified": false,
        "line_number": 36,
        "type": "Hex High Entropy String"
      },
      {
        "filename": ".github/repo-baseline.json",
        "hashed_secret": "ffdc2ad434d3c5b8d94e159539d93a90413239c8",
        "is_verified": false,
        "line_number": 39,
        "type": "Hex High Entropy String"
      },
      {
        "filename": ".github/repo-baseline.json",
        "hashed_secret": "55add4756641032365f048d78fb5922a1193efb9",
        "is_verified": false,
        "line_number": 40,
        "type": "Hex High Entropy String"
      },
      {
        "filename": ".github/repo-baseline.json",
        "hashed_secret": "457955cb1f4ad110226141303611dc492028358b",
        "is_verified": false,
        "line_number": 47,
        "type": "Hex High Entropy String"
      },
      {
        "filename": ".github/repo-baseline.json",
        "hashed_secret": "826e754e28d2cdfbfe55ef8014c3aed1c07ff053",
        "is_verified": false,
        "line_number": 48,
        "type": "Hex High Entropy String"
      },
      {
        "filename": ".github/repo-baseline.json",
        "hashed_secret": "c129d1075b912a43b973c377e1ff1ad324782f02",
        "is_verified": false,
        "line_number": 49,
        "type": "Hex High Entropy String"
      },
      {
        "filename": ".github/repo-baseline.json",
        "hashed_secret": "f6d0b3ae19e8faade948e13e9db63a1600714d18",
        "is_verified": false,
        "line_number": 50,
        "type": "Hex High Entropy String"
      },
      {
        "filename": ".github/repo-baseline.json",
        "hashed_secret": "d7f33b04a138eb67f486d1bf9752b705afeb45b9",
        "is_verified": false,
        "line_number": 51,
        "type": "Hex High Entropy String"
      },
      {
        "filename": ".github/repo-baseline.json",
        "hashed_secret": "04d2c011aaf58a2df66c60cd3c9fd779b41a832c",
        "is_verified": false,
        "line_number": 52,
        "type": "Hex High Entropy String"
      },
      {
        "filename": ".github/repo-baseline.json",
        "hashed_secret": "73db200c2397a13c4c0e972737680018ed9f4c20",
        "is_verified": false,
        "line_number": 53,
        "type": "Hex High Entropy String"
      },
      {
        "filename": ".github/repo-baseline.json",
        "hashed_secret": "86638211dec1899919ffef96fc8eb5ef2de58df1",
        "is_verified": false,
        "line_number": 54,
        "type": "Hex High Entropy String"
      },
      {
        "filename": ".github/repo-baseline.json",
        "hashed_secret": "650d652ad729b2a417deeb29ba9a8f3f0d6521cb",
        "is_verified": false,
        "line_number": 55,
        "type": "Hex High Entropy String"
      },
      {
        "filename": ".github/repo-baseline.json",
        "hashed_secret": "77172c24d8ebcb9fae7865fd7191cc1b89c88e24",
        "is_verified": false,
        "line_number": 56,
        "type": "Hex High Entropy String"
      },
      {
        "filename": ".github/repo-baseline.json",
        "hashed_secret": "8d3777f2d04ab674147e50aff42ccd304a2b18a2",
        "is_verified": false,
        "line_number": 57,
        "type": "Hex High Entropy String"
      },
      {
        "filename": ".github/repo-baseline.json",
        "hashed_secret": "242ef9ce155784ec266ce548b58cfaa35ee69cd7",
        "is_verified": false,
        "line_number": 58,
        "type": "Hex High Entropy String"
      },
      {
        "filename": ".github/repo-baseline.json",
        "hashed_secret": "5781711380647b180d1eed9bd254ed45b47a7dd0",
        "is_verified": false,
        "line_number": 82,
        "type": "Hex High Entropy String"
      },
      {
        "filename": ".github/repo-baseline.json",
        "hashed_secret": "4b8ee811f03bc602827772ae23883cfb4c6ddf50",
        "is_verified": false,
        "line_number": 83,
        "type": "Hex High Entropy String"
      },
      {
        "filename": ".github/repo-baseline.json",
        "hashed_secret": "081ce959dfb8640f1a97199e2e425e1d4eda60d7",
        "is_verified": false,
        "line_number": 85,
        "type": "Hex High Entropy String"
      },
      {
        "filename": ".github/repo-baseline.json",
        "hashed_secret": "2deacf6d4d7eac79a0ec73a0ae651928811ba3c6",
        "is_verified": false,
        "line_number": 87,
        "type": "Hex High Entropy String"
      },
      {
        "filename": ".github/repo-baseline.json",
        "hashed_secret": "b28be5f0388edad2abb3b6660090bbe5922e2158",
        "is_verified": false,
        "line_number": 88,
        "type": "Hex High Entropy String"
      },
      {
        "filename": ".github/repo-baseline.json",
        "hashed_secret": "966922c2480a9c1feb65f4bf430ed8246e990217",
        "is_verified": false,
        "line_number": 89,
        "type": "Hex High Entropy String"
      }
    ]
  },
  "version": "1.5.0"
}